// Jest Snapshot v1, https://goo.gl/fbAQLP

exports[`game ends after max. number of wrong guesses 1`] = `
<DocumentFragment>
  <div
    class="Snowman"
  >
    <img
      data-testid="snowman-image"
      src="6.png"
    />
    <p
      class="Snowman-wrongs"
    >
      Number wrong: 6
    </p>
    <p
      class="Snowman-word"
    >
      _____
    </p>
    <p>
      You lose. The expected anwer is apple.
    </p>
    <button>
      Restart Game
    </button>
  </div>
</DocumentFragment>
`;

exports[`matches the snapshot 1`] = `
<DocumentFragment>
  <div
    class="Snowman"
  >
    <img
      data-testid="snowman-image"
      src="0.png"
    />
    <p
      class="Snowman-wrongs"
    >
      Number wrong: 0
    </p>
    <p
      class="Snowman-word"
    >
      ______
    </p>
    <p>
      <button
        value="a"
      >
        a
      </button>
      <button
        value="b"
      >
        b
      </button>
      <button
        value="c"
      >
        c
      </button>
      <button
        value="d"
      >
        d
      </button>
      <button
        value="e"
      >
        e
      </button>
      <button
        value="f"
      >
        f
      </button>
      <button
        value="g"
      >
        g
      </button>
      <button
        value="h"
      >
        h
      </button>
      <button
        value="i"
      >
        i
      </button>
      <button
        value="j"
      >
        j
      </button>
      <button
        value="k"
      >
        k
      </button>
      <button
        value="l"
      >
        l
      </button>
      <button
        value="m"
      >
        m
      </button>
      <button
        value="n"
      >
        n
      </button>
      <button
        value="o"
      >
        o
      </button>
      <button
        value="p"
      >
        p
      </button>
      <button
        value="q"
      >
        q
      </button>
      <button
        value="r"
      >
        r
      </button>
      <button
        value="s"
      >
        s
      </button>
      <button
        value="t"
      >
        t
      </button>
      <button
        value="u"
      >
        u
      </button>
      <button
        value="v"
      >
        v
      </button>
      <button
        value="w"
      >
        w
      </button>
      <button
        value="x"
      >
        x
      </button>
      <button
        value="y"
      >
        y
      </button>
      <button
        value="z"
      >
        z
      </button>
    </p>
    <button>
      Restart Game
    </button>
  </div>
</DocumentFragment>
`;
